  Determining projects to restore...
  Restored D:\fullstack project\Zadana\Zadana-Backend\src\Zadana.Api\Zadana.Api.csproj (in 982 ms).
  Restored D:\fullstack project\Zadana\Zadana-Backend\tests\Zadana.UnitTests\Zadana.UnitTests.csproj (in 1.03 sec).
  Restored D:\fullstack project\Zadana\Zadana-Backend\tests\Zadana.IntegrationTests\Zadana.IntegrationTests.csproj (in 1.02 sec).
  Restored D:\fullstack project\Zadana\Zadana-Backend\tests\Zadana.ArchitectureTests\Zadana.ArchitectureTests.csproj (in 1.03 sec).
  5 of 9 projects are up-to-date for restore.
  Zadana.SharedKernel -> D:\fullstack project\Zadana\Zadana-Backend\src\Zadana.SharedKernel\bin\Debug\net9.0\Zadana.SharedKernel.dll
  Zadana.Domain -> D:\fullstack project\Zadana\Zadana-Backend\src\Zadana.Domain\bin\Debug\net9.0\Zadana.Domain.dll
  Zadana.Contracts -> D:\fullstack project\Zadana\Zadana-Backend\src\Zadana.Contracts\bin\Debug\net9.0\Zadana.Contracts.dll
D:\fullstack project\Zadana\Zadana-Backend\src\Zadana.Application\Modules\Identity\Services\IdentityService.cs(73,83): error CS1061: 'User' does not contain a definition for 'Phone' and no accessible extension method 'Phone' accepting a first argument of type 'User' could be found (are you missing a using directive or an assembly reference?) [D:\fullstack project\Zadana\Zadana-Backend\src\Zadana.Application\Zadana.Application.csproj]
D:\fullstack project\Zadana\Zadana-Backend\src\Zadana.Application\Modules\Identity\Services\IdentityService.cs(45,71): warning CS8604: Possible null reference argument for parameter 'passwordHash' in 'bool IPasswordHasher.VerifyPassword(string password, string passwordHash)'. [D:\fullstack project\Zadana\Zadana-Backend\src\Zadana.Application\Zadana.Application.csproj]
D:\fullstack project\Zadana\Zadana-Backend\src\Zadana.Application\Modules\Identity\Services\IdentityService.cs(131,76): error CS1061: 'User' does not contain a definition for 'Phone' and no accessible extension method 'Phone' accepting a first argument of type 'User' could be found (are you missing a using directive or an assembly reference?) [D:\fullstack project\Zadana\Zadana-Backend\src\Zadana.Application\Zadana.Application.csproj]
D:\fullstack project\Zadana\Zadana-Backend\src\Zadana.Application\Modules\Identity\Commands\ResetPassword\ResetPasswordCommandHandler.cs(45,14): error CS1061: 'User' does not contain a definition for 'ChangePassword' and no accessible extension method 'ChangePassword' accepting a first argument of type 'User' could be found (are you missing a using directive or an assembly reference?) [D:\fullstack project\Zadana\Zadana-Backend\src\Zadana.Application\Zadana.Application.csproj]
D:\fullstack project\Zadana\Zadana-Backend\src\Zadana.Application\Modules\Delivery\Commands\RegisterDriver\RegisterDriverCommandHandler.cs(51,13): error CS1503: Argument 4: cannot convert from 'string' to 'Zadana.Domain.Modules.Identity.Enums.UserRole' [D:\fullstack project\Zadana\Zadana-Backend\src\Zadana.Application\Zadana.Application.csproj]
D:\fullstack project\Zadana\Zadana-Backend\src\Zadana.Application\Modules\Delivery\Commands\RegisterDriver\RegisterDriverCommandHandler.cs(52,13): error CS1503: Argument 5: cannot convert from 'Zadana.Domain.Modules.Identity.Enums.UserRole' to 'string?' [D:\fullstack project\Zadana\Zadana-Backend\src\Zadana.Application\Zadana.Application.csproj]
D:\fullstack project\Zadana\Zadana-Backend\src\Zadana.Application\Modules\Delivery\Commands\RegisterDriver\RegisterDriverCommandHandler.cs(78,83): error CS1061: 'User' does not contain a definition for 'Phone' and no accessible extension method 'Phone' accepting a first argument of type 'User' could be found (are you missing a using directive or an assembly reference?) [D:\fullstack project\Zadana\Zadana-Backend\src\Zadana.Application\Zadana.Application.csproj]
D:\fullstack project\Zadana\Zadana-Backend\src\Zadana.Application\Modules\Identity\Commands\RegisterUser\RegisterUserCommandHandler.cs(49,13): error CS1503: Argument 4: cannot convert from 'string' to 'Zadana.Domain.Modules.Identity.Enums.UserRole' [D:\fullstack project\Zadana\Zadana-Backend\src\Zadana.Application\Zadana.Application.csproj]
D:\fullstack project\Zadana\Zadana-Backend\src\Zadana.Application\Modules\Identity\Commands\RegisterUser\RegisterUserCommandHandler.cs(50,13): error CS1503: Argument 5: cannot convert from 'Zadana.Domain.Modules.Identity.Enums.UserRole' to 'string?' [D:\fullstack project\Zadana\Zadana-Backend\src\Zadana.Application\Zadana.Application.csproj]
D:\fullstack project\Zadana\Zadana-Backend\src\Zadana.Application\Modules\Vendors\Queries\GetVendorDetail\GetVendorDetailQueryHandler.cs(48,25): error CS1061: 'User' does not contain a definition for 'Phone' and no accessible extension method 'Phone' accepting a first argument of type 'User' could be found (are you missing a using directive or an assembly reference?) [D:\fullstack project\Zadana\Zadana-Backend\src\Zadana.Application\Zadana.Application.csproj]
D:\fullstack project\Zadana\Zadana-Backend\src\Zadana.Application\Modules\Identity\Commands\ForgotPassword\ForgotPasswordCommandHandler.cs(46,48): error CS1061: 'User' does not contain a definition for 'Phone' and no accessible extension method 'Phone' accepting a first argument of type 'User' could be found (are you missing a using directive or an assembly reference?) [D:\fullstack project\Zadana\Zadana-Backend\src\Zadana.Application\Zadana.Application.csproj]
D:\fullstack project\Zadana\Zadana-Backend\src\Zadana.Application\Modules\Identity\Commands\RegisterCustomer\RegisterCustomerCommandHandler.cs(48,24): error CS1729: 'User' does not contain a constructor that takes 6 arguments [D:\fullstack project\Zadana\Zadana-Backend\src\Zadana.Application\Zadana.Application.csproj]
D:\fullstack project\Zadana\Zadana-Backend\src\Zadana.Application\Modules\Identity\Commands\RegisterCustomer\RegisterCustomerCommandHandler.cs(58,48): error CS1061: 'User' does not contain a definition for 'Phone' and no accessible extension method 'Phone' accepting a first argument of type 'User' could be found (are you missing a using directive or an assembly reference?) [D:\fullstack project\Zadana\Zadana-Backend\src\Zadana.Application\Zadana.Application.csproj]
D:\fullstack project\Zadana\Zadana-Backend\src\Zadana.Application\Modules\Identity\Commands\RegisterCustomer\RegisterCustomerCommandHandler.cs(73,32): error CS1061: 'User' does not contain a definition for 'Phone' and no accessible extension method 'Phone' accepting a first argument of type 'User' could be found (are you missing a using directive or an assembly reference?) [D:\fullstack project\Zadana\Zadana-Backend\src\Zadana.Application\Zadana.Application.csproj]
D:\fullstack project\Zadana\Zadana-Backend\src\Zadana.Application\Modules\Identity\Commands\RegisterCustomer\RegisterCustomerCommandHandler.cs(94,83): error CS1061: 'User' does not contain a definition for 'Phone' and no accessible extension method 'Phone' accepting a first argument of type 'User' could be found (are you missing a using directive or an assembly reference?) [D:\fullstack project\Zadana\Zadana-Backend\src\Zadana.Application\Zadana.Application.csproj]
D:\fullstack project\Zadana\Zadana-Backend\src\Zadana.Application\Modules\Vendors\Commands\RegisterVendor\RegisterVendorCommandHandler.cs(49,13): error CS1503: Argument 4: cannot convert from 'string' to 'Zadana.Domain.Modules.Identity.Enums.UserRole' [D:\fullstack project\Zadana\Zadana-Backend\src\Zadana.Application\Zadana.Application.csproj]
D:\fullstack project\Zadana\Zadana-Backend\src\Zadana.Application\Modules\Vendors\Commands\RegisterVendor\RegisterVendorCommandHandler.cs(50,13): error CS1503: Argument 5: cannot convert from 'Zadana.Domain.Modules.Identity.Enums.UserRole' to 'string?' [D:\fullstack project\Zadana\Zadana-Backend\src\Zadana.Application\Zadana.Application.csproj]
D:\fullstack project\Zadana\Zadana-Backend\src\Zadana.Application\Modules\Vendors\Commands\RegisterVendor\RegisterVendorCommandHandler.cs(90,83): error CS1061: 'User' does not contain a definition for 'Phone' and no accessible extension method 'Phone' accepting a first argument of type 'User' could be found (are you missing a using directive or an assembly reference?) [D:\fullstack project\Zadana\Zadana-Backend\src\Zadana.Application\Zadana.Application.csproj]

Build FAILED.

D:\fullstack project\Zadana\Zadana-Backend\src\Zadana.Application\Modules\Identity\Services\IdentityService.cs(45,71): warning CS8604: Possible null reference argument for parameter 'passwordHash' in 'bool IPasswordHasher.VerifyPassword(string password, string passwordHash)'. [D:\fullstack project\Zadana\Zadana-Backend\src\Zadana.Application\Zadana.Application.csproj]
D:\fullstack project\Zadana\Zadana-Backend\src\Zadana.Application\Modules\Identity\Services\IdentityService.cs(73,83): error CS1061: 'User' does not contain a definition for 'Phone' and no accessible extension method 'Phone' accepting a first argument of type 'User' could be found (are you missing a using directive or an assembly reference?) [D:\fullstack project\Zadana\Zadana-Backend\src\Zadana.Application\Zadana.Application.csproj]
D:\fullstack project\Zadana\Zadana-Backend\src\Zadana.Application\Modules\Identity\Services\IdentityService.cs(131,76): error CS1061: 'User' does not contain a definition for 'Phone' and no accessible extension method 'Phone' accepting a first argument of type 'User' could be found (are you missing a using directive or an assembly reference?) [D:\fullstack project\Zadana\Zadana-Backend\src\Zadana.Application\Zadana.Application.csproj]
D:\fullstack project\Zadana\Zadana-Backend\src\Zadana.Application\Modules\Identity\Commands\ResetPassword\ResetPasswordCommandHandler.cs(45,14): error CS1061: 'User' does not contain a definition for 'ChangePassword' and no accessible extension method 'ChangePassword' accepting a first argument of type 'User' could be found (are you missing a using directive or an assembly reference?) [D:\fullstack project\Zadana\Zadana-Backend\src\Zadana.Application\Zadana.Application.csproj]
D:\fullstack project\Zadana\Zadana-Backend\src\Zadana.Application\Modules\Delivery\Commands\RegisterDriver\RegisterDriverCommandHandler.cs(51,13): error CS1503: Argument 4: cannot convert from 'string' to 'Zadana.Domain.Modules.Identity.Enums.UserRole' [D:\fullstack project\Zadana\Zadana-Backend\src\Zadana.Application\Zadana.Application.csproj]
D:\fullstack project\Zadana\Zadana-Backend\src\Zadana.Application\Modules\Delivery\Commands\RegisterDriver\RegisterDriverCommandHandler.cs(52,13): error CS1503: Argument 5: cannot convert from 'Zadana.Domain.Modules.Identity.Enums.UserRole' to 'string?' [D:\fullstack project\Zadana\Zadana-Backend\src\Zadana.Application\Zadana.Application.csproj]
D:\fullstack project\Zadana\Zadana-Backend\src\Zadana.Application\Modules\Delivery\Commands\RegisterDriver\RegisterDriverCommandHandler.cs(78,83): error CS1061: 'User' does not contain a definition for 'Phone' and no accessible extension method 'Phone' accepting a first argument of type 'User' could be found (are you missing a using directive or an assembly reference?) [D:\fullstack project\Zadana\Zadana-Backend\src\Zadana.Application\Zadana.Application.csproj]
D:\fullstack project\Zadana\Zadana-Backend\src\Zadana.Application\Modules\Identity\Commands\RegisterUser\RegisterUserCommandHandler.cs(49,13): error CS1503: Argument 4: cannot convert from 'string' to 'Zadana.Domain.Modules.Identity.Enums.UserRole' [D:\fullstack project\Zadana\Zadana-Backend\src\Zadana.Application\Zadana.Application.csproj]
D:\fullstack project\Zadana\Zadana-Backend\src\Zadana.Application\Modules\Identity\Commands\RegisterUser\RegisterUserCommandHandler.cs(50,13): error CS1503: Argument 5: cannot convert from 'Zadana.Domain.Modules.Identity.Enums.UserRole' to 'string?' [D:\fullstack project\Zadana\Zadana-Backend\src\Zadana.Application\Zadana.Application.csproj]
D:\fullstack project\Zadana\Zadana-Backend\src\Zadana.Application\Modules\Vendors\Queries\GetVendorDetail\GetVendorDetailQueryHandler.cs(48,25): error CS1061: 'User' does not contain a definition for 'Phone' and no accessible extension method 'Phone' accepting a first argument of type 'User' could be found (are you missing a using directive or an assembly reference?) [D:\fullstack project\Zadana\Zadana-Backend\src\Zadana.Application\Zadana.Application.csproj]
D:\fullstack project\Zadana\Zadana-Backend\src\Zadana.Application\Modules\Identity\Commands\ForgotPassword\ForgotPasswordCommandHandler.cs(46,48): error CS1061: 'User' does not contain a definition for 'Phone' and no accessible extension method 'Phone' accepting a first argument of type 'User' could be found (are you missing a using directive or an assembly reference?) [D:\fullstack project\Zadana\Zadana-Backend\src\Zadana.Application\Zadana.Application.csproj]
D:\fullstack project\Zadana\Zadana-Backend\src\Zadana.Application\Modules\Identity\Commands\RegisterCustomer\RegisterCustomerCommandHandler.cs(48,24): error CS1729: 'User' does not contain a constructor that takes 6 arguments [D:\fullstack project\Zadana\Zadana-Backend\src\Zadana.Application\Zadana.Application.csproj]
D:\fullstack project\Zadana\Zadana-Backend\src\Zadana.Application\Modules\Identity\Commands\RegisterCustomer\RegisterCustomerCommandHandler.cs(58,48): error CS1061: 'User' does not contain a definition for 'Phone' and no accessible extension method 'Phone' accepting a first argument of type 'User' could be found (are you missing a using directive or an assembly reference?) [D:\fullstack project\Zadana\Zadana-Backend\src\Zadana.Application\Zadana.Application.csproj]
D:\fullstack project\Zadana\Zadana-Backend\src\Zadana.Application\Modules\Identity\Commands\RegisterCustomer\RegisterCustomerCommandHandler.cs(73,32): error CS1061: 'User' does not contain a definition for 'Phone' and no accessible extension method 'Phone' accepting a first argument of type 'User' could be found (are you missing a using directive or an assembly reference?) [D:\fullstack project\Zadana\Zadana-Backend\src\Zadana.Application\Zadana.Application.csproj]
D:\fullstack project\Zadana\Zadana-Backend\src\Zadana.Application\Modules\Identity\Commands\RegisterCustomer\RegisterCustomerCommandHandler.cs(94,83): error CS1061: 'User' does not contain a definition for 'Phone' and no accessible extension method 'Phone' accepting a first argument of type 'User' could be found (are you missing a using directive or an assembly reference?) [D:\fullstack project\Zadana\Zadana-Backend\src\Zadana.Application\Zadana.Application.csproj]
D:\fullstack project\Zadana\Zadana-Backend\src\Zadana.Application\Modules\Vendors\Commands\RegisterVendor\RegisterVendorCommandHandler.cs(49,13): error CS1503: Argument 4: cannot convert from 'string' to 'Zadana.Domain.Modules.Identity.Enums.UserRole' [D:\fullstack project\Zadana\Zadana-Backend\src\Zadana.Application\Zadana.Application.csproj]
D:\fullstack project\Zadana\Zadana-Backend\src\Zadana.Application\Modules\Vendors\Commands\RegisterVendor\RegisterVendorCommandHandler.cs(50,13): error CS1503: Argument 5: cannot convert from 'Zadana.Domain.Modules.Identity.Enums.UserRole' to 'string?' [D:\fullstack project\Zadana\Zadana-Backend\src\Zadana.Application\Zadana.Application.csproj]
D:\fullstack project\Zadana\Zadana-Backend\src\Zadana.Application\Modules\Vendors\Commands\RegisterVendor\RegisterVendorCommandHandler.cs(90,83): error CS1061: 'User' does not contain a definition for 'Phone' and no accessible extension method 'Phone' accepting a first argument of type 'User' could be found (are you missing a using directive or an assembly reference?) [D:\fullstack project\Zadana\Zadana-Backend\src\Zadana.Application\Zadana.Application.csproj]
    1 Warning(s)
    17 Error(s)

Time Elapsed 00:00:06.10
