  Determining projects to restore...
  All projects are up-to-date for restore.
  Zadana.SharedKernel -> D:\fullstack project\Zadana\Zadana-Backend\src\Zadana.SharedKernel\bin\Debug\net9.0\Zadana.SharedKernel.dll
  Zadana.Contracts -> D:\fullstack project\Zadana\Zadana-Backend\src\Zadana.Contracts\bin\Debug\net9.0\Zadana.Contracts.dll
  Zadana.Domain -> D:\fullstack project\Zadana\Zadana-Backend\src\Zadana.Domain\bin\Debug\net9.0\Zadana.Domain.dll
D:\fullstack project\Zadana\Zadana-Backend\src\Zadana.Application\Modules\Catalog\Queries\Categories\GetCategories\GetCategoriesQueryHandler.cs(55,13): error CS1503: Argument 8: cannot convert from 'System.Collections.Generic.List<Zadana.Application.Modules.Catalog.DTOs.CategoryDto>' to 'string?' [D:\fullstack project\Zadana\Zadana-Backend\src\Zadana.Application\Zadana.Application.csproj]
D:\fullstack project\Zadana\Zadana-Backend\src\Zadana.Application\Modules\Identity\Commands\ForgotPassword\ForgotPasswordCommandHandler.cs(46,43): warning CS8604: Possible null reference argument for parameter 'phoneNumber' in 'Task IOtpService.SendOtpSmsAsync(string phoneNumber, string otpCode, CancellationToken cancellationToken = default(CancellationToken))'. [D:\fullstack project\Zadana\Zadana-Backend\src\Zadana.Application\Zadana.Application.csproj]
D:\fullstack project\Zadana\Zadana-Backend\src\Zadana.Application\Modules\Vendors\Queries\GetVendorDetail\GetVendorDetailQueryHandler.cs(47,13): warning CS8604: Possible null reference argument for parameter 'OwnerEmail' in 'VendorDetailDto.VendorDetailDto(Guid Id, string BusinessNameAr, string BusinessNameEn, string BusinessType, string CommercialRegistrationNumber, string? TaxId, string ContactEmail, string ContactPhone, decimal? CommissionRate, string Status, string? RejectionReason, string? LogoUrl, string? CommercialRegisterDocumentUrl, DateTime? ApprovedAtUtc, Guid? ApprovedBy, DateTime CreatedAtUtc, string OwnerName, string OwnerEmail, string OwnerPhone, int BranchesCount, int BankAccountsCount)'. [D:\fullstack project\Zadana\Zadana-Backend\src\Zadana.Application\Zadana.Application.csproj]
D:\fullstack project\Zadana\Zadana-Backend\src\Zadana.Application\Modules\Vendors\Queries\GetVendorDetail\GetVendorDetailQueryHandler.cs(48,13): warning CS8604: Possible null reference argument for parameter 'OwnerPhone' in 'VendorDetailDto.VendorDetailDto(Guid Id, string BusinessNameAr, string BusinessNameEn, string BusinessType, string CommercialRegistrationNumber, string? TaxId, string ContactEmail, string ContactPhone, decimal? CommissionRate, string Status, string? RejectionReason, string? LogoUrl, string? CommercialRegisterDocumentUrl, DateTime? ApprovedAtUtc, Guid? ApprovedBy, DateTime CreatedAtUtc, string OwnerName, string OwnerEmail, string OwnerPhone, int BranchesCount, int BankAccountsCount)'. [D:\fullstack project\Zadana\Zadana-Backend\src\Zadana.Application\Zadana.Application.csproj]
D:\fullstack project\Zadana\Zadana-Backend\src\Zadana.Application\Modules\Identity\Commands\RegisterCustomer\RegisterCustomerCommandHandler.cs(60,43): warning CS8604: Possible null reference argument for parameter 'phoneNumber' in 'Task IOtpService.SendOtpSmsAsync(string phoneNumber, string otpCode, CancellationToken cancellationToken = default(CancellationToken))'. [D:\fullstack project\Zadana\Zadana-Backend\src\Zadana.Application\Zadana.Application.csproj]

Build FAILED.

D:\fullstack project\Zadana\Zadana-Backend\src\Zadana.Application\Modules\Identity\Commands\ForgotPassword\ForgotPasswordCommandHandler.cs(46,43): warning CS8604: Possible null reference argument for parameter 'phoneNumber' in 'Task IOtpService.SendOtpSmsAsync(string phoneNumber, string otpCode, CancellationToken cancellationToken = default(CancellationToken))'. [D:\fullstack project\Zadana\Zadana-Backend\src\Zadana.Application\Zadana.Application.csproj]
D:\fullstack project\Zadana\Zadana-Backend\src\Zadana.Application\Modules\Vendors\Queries\GetVendorDetail\GetVendorDetailQueryHandler.cs(47,13): warning CS8604: Possible null reference argument for parameter 'OwnerEmail' in 'VendorDetailDto.VendorDetailDto(Guid Id, string BusinessNameAr, string BusinessNameEn, string BusinessType, string CommercialRegistrationNumber, string? TaxId, string ContactEmail, string ContactPhone, decimal? CommissionRate, string Status, string? RejectionReason, string? LogoUrl, string? CommercialRegisterDocumentUrl, DateTime? ApprovedAtUtc, Guid? ApprovedBy, DateTime CreatedAtUtc, string OwnerName, string OwnerEmail, string OwnerPhone, int BranchesCount, int BankAccountsCount)'. [D:\fullstack project\Zadana\Zadana-Backend\src\Zadana.Application\Zadana.Application.csproj]
D:\fullstack project\Zadana\Zadana-Backend\src\Zadana.Application\Modules\Vendors\Queries\GetVendorDetail\GetVendorDetailQueryHandler.cs(48,13): warning CS8604: Possible null reference argument for parameter 'OwnerPhone' in 'VendorDetailDto.VendorDetailDto(Guid Id, string BusinessNameAr, string BusinessNameEn, string BusinessType, string CommercialRegistrationNumber, string? TaxId, string ContactEmail, string ContactPhone, decimal? CommissionRate, string Status, string? RejectionReason, string? LogoUrl, string? CommercialRegisterDocumentUrl, DateTime? ApprovedAtUtc, Guid? ApprovedBy, DateTime CreatedAtUtc, string OwnerName, string OwnerEmail, string OwnerPhone, int BranchesCount, int BankAccountsCount)'. [D:\fullstack project\Zadana\Zadana-Backend\src\Zadana.Application\Zadana.Application.csproj]
D:\fullstack project\Zadana\Zadana-Backend\src\Zadana.Application\Modules\Identity\Commands\RegisterCustomer\RegisterCustomerCommandHandler.cs(60,43): warning CS8604: Possible null reference argument for parameter 'phoneNumber' in 'Task IOtpService.SendOtpSmsAsync(string phoneNumber, string otpCode, CancellationToken cancellationToken = default(CancellationToken))'. [D:\fullstack project\Zadana\Zadana-Backend\src\Zadana.Application\Zadana.Application.csproj]
D:\fullstack project\Zadana\Zadana-Backend\src\Zadana.Application\Modules\Catalog\Queries\Categories\GetCategories\GetCategoriesQueryHandler.cs(55,13): error CS1503: Argument 8: cannot convert from 'System.Collections.Generic.List<Zadana.Application.Modules.Catalog.DTOs.CategoryDto>' to 'string?' [D:\fullstack project\Zadana\Zadana-Backend\src\Zadana.Application\Zadana.Application.csproj]
    4 Warning(s)
    1 Error(s)

Time Elapsed 00:00:05.47
